// Jest Snapshot v1, https://goo.gl/fbAQLP

exports[`check if checkbox rendered or not 1`] = `ShallowWrapper {}`;
